// Jest Snapshot v1, https://goo.gl/fbAQLP

exports[`screen: TransactionDetails/MsgBuyNft matches snapshot 1`] = `
<p
  className="MuiTypography-root MuiTypography-body1"
>
  <div
    components={
      Array [
        <Name
          address="buyer"
          name="buyer"
        />,
        <Name
          address="seller"
          name="seller"
        />,
      ]
    }
    i18nKey="message_contents:txBuyNft"
    id="message_contents:txBuyNft"
    values={
      Object {
        "id": "id",
        "price": "1 acudos",
      }
    }
  />
</p>
`;
