// Jest Snapshot v1, https://goo.gl/fbAQLP

exports[`screen: TransactionDetails/MsgAddAdmin matches snapshot 1`] = `
<p
  className="MuiTypography-root MuiTypography-body1"
>
  <div
    components={
      Array [
        <Name
          address="creator"
          name="creator"
        />,
        <Name
          address="address"
          name="address"
        />,
      ]
    }
    i18nKey="message_contents:txAddAdmin"
    id="message_contents:txAddAdmin"
  />
</p>
`;
